// Jest Snapshot v1, https://goo.gl/fbAQLP

exports[`screen: Validators/Tabs matches snapshot 1`] = `
<div
  className=""
>
  <div
    style={
      Object {
        "height": 0,
        "overflow": "visible",
        "width": 0,
      }
    }
  />
</div>
`;
