// Jest Snapshot v1, https://goo.gl/fbAQLP

exports[`components: Pagination matches snapshot 1`] = `
<div
  className="MuiTablePagination-root makeStyles-root"
>
  <div
    className="MuiToolbar-root MuiToolbar-regular MuiTablePagination-toolbar MuiToolbar-gutters"
  >
    <div
      className="MuiTablePagination-spacer"
    />
    <p
      className="MuiTypography-root MuiTablePagination-caption MuiTypography-body2 MuiTypography-colorInherit"
    >
      common:paginationLabelOne
    </p>
    <div
      backIconButtonProps={
        Object {
          "aria-label": "Previous page",
          "title": "Previous page",
        }
      }
      className="makeStyles-mobile"
      count={100}
      handleChangeRowsPerPage={[MockFunction]}
      id="Actions"
      nextIconButtonProps={
        Object {
          "aria-label": "Next page",
          "title": "Next page",
        }
      }
      onChangePage={[MockFunction]}
      page={0}
      rowsPerPage={5}
    />
    <div
      backIconButtonProps={
        Object {
          "aria-label": "Previous page",
          "title": "Previous page",
        }
      }
      className="makeStyles-tablet"
      count={100}
      handleChangeRowsPerPage={[MockFunction]}
      id="Actions"
      nextIconButtonProps={
        Object {
          "aria-label": "Next page",
          "title": "Next page",
        }
      }
      onChangePage={[MockFunction]}
      page={0}
      pageNeighbors={2}
      rowsPerPage={5}
    />
  </div>
</div>
`;
